
> retopractico3_lizvidal@1.0.0 test:e2e
> cucumber-js --require-module ts-node/register tests/e2e/features

npm : This Node.js version (v20.19.5) has not been tested with this version of Cucumber; it should work normally, but 
please raise an issue if you see anything unexpected.
En línea: 1 Carácter: 63
+ ... _Configuracion_Base'; npm run test:e2e > test-output.txt 2>&1; Get-Co ...
+                           ~~~~~~~~~~~~~~~~~~~~~~~~~~~~~~~~~~~~~~~
    + CategoryInfo          : NotSpecified: (This Node.js ve...ing unexpected.:String) [], RemoteException
    + FullyQualifiedErrorId : NativeCommandError
 
`publishQuiet` option is no longer needed, you can remove it from your configuration; see 
https://github.com/cucumber/cucumber-js/blob/main/docs/deprecations.md
F-----.FF---.F.Usuario en la p├ígina
.F----.­ƒô© Screenshot guardado: ./reports/screenshots/1763154952537-Validaci├│n_de_carrito_persistente.png
..Ô£à Actor creado: Usuario Web
.­ƒîì Entorno cargado correctamente
....Contexto de API iniciado
.POST /auth/login - Status: 400
.F--.­ƒô© Screenshot guardado: ./reports/screenshots/1763154956662-Autenticacion_exitosa_con_credenciales_validas.png
..Contexto de API iniciado
.POST /auth/login (credenciales invalidas) - Status: 400
.Status code esperado (400/401): 400
.Mensaje de error detectado: Invalid credentials
....Contexto de API iniciado
.Autenticacion completada
.GET /users - Status: 200
.Status code validado: 200
.Array de usuarios encontrado
.Propiedades requeridas validadas
....Contexto de API iniciado
.Autenticacion completada
.GET /users/1 - Status: 200
.Status code validado: 200
.Datos del usuario validados
....Contexto de API iniciado
.GET /products - Status: 200
.Status code validado: 200
.Array de productos encontrado
.Producto validado
...

Failures:

1) Scenario: Camino feliz - Compra exitosa (Happy path) # tests\e2e\features\compra_flujo_completo.feature:3
   ├ù Before # src\support\hooks.ts:10
       Error: function timed out, ensure the promise resolves within 5000 milliseconds
           at Timeout.<anonymous> (C:\Users\usitd04\Downloads\Bloque2.1_Configuracion_Base\node_modules\@cucumber\cucumber\src\time.ts:52:14)
           at listOnTimeout (node:internal/timers:581:17)
           at processTimers (node:internal/timers:519:7)
   - Given que el usuario est├í en la p├ígina de login de Sauce Demo # tests\e2e\steps\compra_flujo_completo.steps.ts:14
   - When el usuario inicia sesi├│n con credenciales v├ílidas # tests\e2e\steps\compra_flujo_completo.steps.ts:20
   - And el usuario agrega un producto al carrito # tests\e2e\steps\compra_flujo_completo.steps.ts:26
   - And el usuario procede al checkout # tests\e2e\steps\compra_flujo_completo.steps.ts:32
   - Then la compra debe completarse exitosamente # tests\e2e\steps\compra_flujo_completo.steps.ts:38
   ÔêÜ After # tests\api\steps\dummyjson_api.steps.ts:184
   ├ù After # src\support\hooks.ts:20
       TypeError: Cannot read properties of undefined (reading 'screenshot')
           at ScreenplayWorld.<anonymous> (C:\Users\usitd04\Downloads\Bloque2.1_Configuracion_Base\src\support\hooks.ts:23:16)

2) Scenario: Validaci├│n negativa - Login fallido # tests\e2e\features\compra_flujo_completo.feature:10
   ├ù Before # src\support\hooks.ts:10
       Error: function timed out, ensure the promise resolves within 5000 milliseconds
           at Timeout.<anonymous> (C:\Users\usitd04\Downloads\Bloque2.1_Configuracion_Base\node_modules\@cucumber\cucumber\src\time.ts:52:14)
           at listOnTimeout (node:internal/timers:581:17)
           at processTimers (node:internal/timers:519:7)
   - Given que el usuario est├í en la p├ígina de login de Sauce Demo # tests\e2e\steps\compra_flujo_completo.steps.ts:14
   - When el usuario intenta iniciar sesi├│n con credenciales inv├ílidas # tests\e2e\steps\compra_flujo_completo.steps.ts:45
   - Then debe aparecer un mensaje de error # tests\e2e\steps\compra_flujo_completo.steps.ts:51
   ÔêÜ After # tests\api\steps\dummyjson_api.steps.ts:184
   ├ù After # src\support\hooks.ts:20
       TypeError: Cannot read properties of undefined (reading 'screenshot')
           at ScreenplayWorld.<anonymous> (C:\Users\usitd04\Downloads\Bloque2.1_Configuracion_Base\src\support\hooks.ts:23:16)

3) Scenario: Validaci├│n de carrito persistente # tests\e2e\features\compra_flujo_completo.feature:15
   ÔêÜ Before # src\support\hooks.ts:10
   ÔêÜ Given que el usuario est├í en la p├ígina de login de Sauce Demo # tests\e2e\steps\compra_flujo_completo.steps.ts:14
   ├ù When el usuario inicia sesi├│n con credenciales v├ílidas # tests\e2e\steps\compra_flujo_completo.steps.ts:20
       Error: function timed out, ensure the promise resolves within 5000 milliseconds
           at Timeout.<anonymous> (C:\Users\usitd04\Downloads\Bloque2.1_Configuracion_Base\node_modules\@cucumber\cucumber\src\time.ts:52:14)
           at listOnTimeout (node:internal/timers:581:17)
           at processTimers (node:internal/timers:519:7)
   - And el usuario agrega un producto al carrito # tests\e2e\steps\compra_flujo_completo.steps.ts:26
   - And el usuario hace logout # tests\e2e\steps\compra_flujo_completo.steps.ts:58
   - And el usuario vuelve a iniciar sesi├│n con credenciales v├ílidas # tests\e2e\steps\compra_flujo_completo.steps.ts:64
   - Then el carrito debe estar vac├¡o en la nueva sesi├│n # tests\e2e\steps\compra_flujo_completo.steps.ts:70
   ÔêÜ After # tests\api\steps\dummyjson_api.steps.ts:184
   ÔêÜ After # src\support\hooks.ts:20

4) Scenario: Autenticacion exitosa con credenciales validas # tests\api\features\dummyjson_api.feature:3
   ÔêÜ Before # src\support\hooks.ts:10
   ÔêÜ Given que estoy usando la API de DummyJSON # tests\api\steps\dummyjson_api.steps.ts:10
   ÔêÜ When realizo un POST al endpoint auth login con credenciales validas # tests\api\steps\dummyjson_api.steps.ts:17
   ├ù Then el status code debe ser 200 # tests\api\steps\dummyjson_api.steps.ts:33
       Error: expect(received).toBe(expected) // Object.is equality

       Expected: 200
       Received: 400
           at Proxy.<anonymous> (C:\Users\usitd04\Downloads\Bloque2.1_Configuracion_Base\node_modules\playwright\lib\matchers\expect.js:221:24)
           at ScreenplayWorld.<anonymous> (C:\Users\usitd04\Downloads\Bloque2.1_Configuracion_Base\tests\api\steps\dummyjson_api.steps.ts:34:31)
   - And la respuesta debe contener un token valido # tests\api\steps\dummyjson_api.steps.ts:38
   - And el ID del usuario debe estar presente # tests\api\steps\dummyjson_api.steps.ts:48
   ÔêÜ After # tests\api\steps\dummyjson_api.steps.ts:184
   ÔêÜ After # src\support\hooks.ts:20

9 scenarios (4 failed, 5 passed)
41 steps (2 failed, 14 skipped, 25 passed)
0m32.112s (executing steps: 0m32.017s)
